/opt/conda/lib/python3.11/site-packages/openmc/material.py:825: UserWarning: A uranium enrichment of 31.35 was given for Material ID="2". OpenMC assumes the U234/U235 mass ratio is constant at 0.008, which is only valid at low enrichments. Consider setting the isotopic composition manually for enrichments over 5%.
  warnings.warn(msg)
/opt/conda/lib/python3.11/site-packages/openmc/material.py:825: UserWarning: A uranium enrichment of 31.35 was given for Material ID="11". OpenMC assumes the U234/U235 mass ratio is constant at 0.008, which is only valid at low enrichments. Consider setting the isotopic composition manually for enrichments over 5%.
  warnings.warn(msg)
/opt/conda/lib/python3.11/site-packages/openmc/material.py:825: UserWarning: A uranium enrichment of 31.35 was given for Material ID="15". OpenMC assumes the U234/U235 mass ratio is constant at 0.008, which is only valid at low enrichments. Consider setting the isotopic composition manually for enrichments over 5%.
  warnings.warn(msg)
/opt/conda/lib/python3.11/site-packages/openmc/stats/multivariate.py:960: FutureWarning: The 'only_fissionable' has been deprecated. Use the 'constraints' argument when defining a source instead.
  warn("The 'only_fissionable' has been deprecated. Use the "
[msre_het_critical] xs_library=endfb-vii.1  OPENMC_CROSS_SECTIONS=/workspace/data/xs/endfb-vii.1-hdf5/cross_sections.xml
[msre_het_critical] Building model (quick=False, mode=het_critical) ...
[msre_het_critical] settings: batches=200 inactive=50 particles=200000
[msre_het_critical] Running OpenMC in /workspace/sims/openmc/msre_het_critical ...
                                %%%%%%%%%%%%%%%
                           %%%%%%%%%%%%%%%%%%%%%%%%
                        %%%%%%%%%%%%%%%%%%%%%%%%%%%%%%
                      %%%%%%%%%%%%%%%%%%%%%%%%%%%%%%%%%%
                    %%%%%%%%%%%%%%%%%%%%%%%%%%%%%%%%%%%%%%
                   %%%%%%%%%%%%%%%%%%%%%%%%%%%%%%%%%%%%%%%%
                                    %%%%%%%%%%%%%%%%%%%%%%%%
                                     %%%%%%%%%%%%%%%%%%%%%%%%
                 ###############      %%%%%%%%%%%%%%%%%%%%%%%%
                ##################     %%%%%%%%%%%%%%%%%%%%%%%
                ###################     %%%%%%%%%%%%%%%%%%%%%%%
                ####################     %%%%%%%%%%%%%%%%%%%%%%
                #####################     %%%%%%%%%%%%%%%%%%%%%
                ######################     %%%%%%%%%%%%%%%%%%%%
                #######################     %%%%%%%%%%%%%%%%%%
                 #######################     %%%%%%%%%%%%%%%%%
                 ######################     %%%%%%%%%%%%%%%%%
                  ####################     %%%%%%%%%%%%%%%%%
                    #################     %%%%%%%%%%%%%%%%%
                     ###############     %%%%%%%%%%%%%%%%
                       ############     %%%%%%%%%%%%%%%
                          ########     %%%%%%%%%%%%%%
                                      %%%%%%%%%%%

                 | The OpenMC Monte Carlo Code
       Copyright | 2011-2025 MIT, UChicago Argonne LLC, and contributors
         License | https://docs.openmc.org/en/latest/license.html
         Version | 0.15.3
     Commit Hash | 27e38e894697bb32a1dac7848d2618818b6b8daf
       Date/Time | 2026-05-30 13:23:12
  OpenMP Threads | 4

 Reading model XML file 'model.xml' ...
 Reading cross sections XML file...
 Reading Li6 from /workspace/data/xs/endfb-vii.1-hdf5/neutron/Li6.h5
 Reading Li7 from /workspace/data/xs/endfb-vii.1-hdf5/neutron/Li7.h5
 Reading Be9 from /workspace/data/xs/endfb-vii.1-hdf5/neutron/Be9.h5
 Reading Zr90 from /workspace/data/xs/endfb-vii.1-hdf5/neutron/Zr90.h5
 Reading Zr91 from /workspace/data/xs/endfb-vii.1-hdf5/neutron/Zr91.h5
 Reading Zr92 from /workspace/data/xs/endfb-vii.1-hdf5/neutron/Zr92.h5
 Reading Zr94 from /workspace/data/xs/endfb-vii.1-hdf5/neutron/Zr94.h5
 Reading Zr96 from /workspace/data/xs/endfb-vii.1-hdf5/neutron/Zr96.h5
 Reading U234 from /workspace/data/xs/endfb-vii.1-hdf5/neutron/U234.h5
 Reading U235 from /workspace/data/xs/endfb-vii.1-hdf5/neutron/U235.h5
 Reading U238 from /workspace/data/xs/endfb-vii.1-hdf5/neutron/U238.h5
 Reading U236 from /workspace/data/xs/endfb-vii.1-hdf5/neutron/U236.h5
 Reading F19 from /workspace/data/xs/endfb-vii.1-hdf5/neutron/F19.h5
 Reading C0 from /workspace/data/xs/endfb-vii.1-hdf5/neutron/C0.h5
 Reading B10 from /workspace/data/xs/endfb-vii.1-hdf5/neutron/B10.h5
 Reading B11 from /workspace/data/xs/endfb-vii.1-hdf5/neutron/B11.h5
 Reading Ni58 from /workspace/data/xs/endfb-vii.1-hdf5/neutron/Ni58.h5
 Reading Ni60 from /workspace/data/xs/endfb-vii.1-hdf5/neutron/Ni60.h5
 Reading Ni61 from /workspace/data/xs/endfb-vii.1-hdf5/neutron/Ni61.h5
 Reading Ni62 from /workspace/data/xs/endfb-vii.1-hdf5/neutron/Ni62.h5
 Reading Ni64 from /workspace/data/xs/endfb-vii.1-hdf5/neutron/Ni64.h5
 Reading Mo92 from /workspace/data/xs/endfb-vii.1-hdf5/neutron/Mo92.h5
 Reading Mo94 from /workspace/data/xs/endfb-vii.1-hdf5/neutron/Mo94.h5
 Reading Mo95 from /workspace/data/xs/endfb-vii.1-hdf5/neutron/Mo95.h5
 Reading Mo96 from /workspace/data/xs/endfb-vii.1-hdf5/neutron/Mo96.h5
 Reading Mo97 from /workspace/data/xs/endfb-vii.1-hdf5/neutron/Mo97.h5
 Reading Mo98 from /workspace/data/xs/endfb-vii.1-hdf5/neutron/Mo98.h5
 Reading Mo100 from /workspace/data/xs/endfb-vii.1-hdf5/neutron/Mo100.h5
 Reading Cr50 from /workspace/data/xs/endfb-vii.1-hdf5/neutron/Cr50.h5
 Reading Cr52 from /workspace/data/xs/endfb-vii.1-hdf5/neutron/Cr52.h5
 Reading Cr53 from /workspace/data/xs/endfb-vii.1-hdf5/neutron/Cr53.h5
 Reading Cr54 from /workspace/data/xs/endfb-vii.1-hdf5/neutron/Cr54.h5
 Reading Fe54 from /workspace/data/xs/endfb-vii.1-hdf5/neutron/Fe54.h5
 Reading Fe56 from /workspace/data/xs/endfb-vii.1-hdf5/neutron/Fe56.h5
 Reading Fe57 from /workspace/data/xs/endfb-vii.1-hdf5/neutron/Fe57.h5
 Reading Fe58 from /workspace/data/xs/endfb-vii.1-hdf5/neutron/Fe58.h5
 Reading Mn55 from /workspace/data/xs/endfb-vii.1-hdf5/neutron/Mn55.h5
 Reading Si28 from /workspace/data/xs/endfb-vii.1-hdf5/neutron/Si28.h5
 Reading Si29 from /workspace/data/xs/endfb-vii.1-hdf5/neutron/Si29.h5
 Reading Si30 from /workspace/data/xs/endfb-vii.1-hdf5/neutron/Si30.h5
 Reading Al27 from /workspace/data/xs/endfb-vii.1-hdf5/neutron/Al27.h5
 Reading Ti46 from /workspace/data/xs/endfb-vii.1-hdf5/neutron/Ti46.h5
 Reading Ti47 from /workspace/data/xs/endfb-vii.1-hdf5/neutron/Ti47.h5
 Reading Ti48 from /workspace/data/xs/endfb-vii.1-hdf5/neutron/Ti48.h5
 Reading Ti49 from /workspace/data/xs/endfb-vii.1-hdf5/neutron/Ti49.h5
 Reading Ti50 from /workspace/data/xs/endfb-vii.1-hdf5/neutron/Ti50.h5
 Reading W180 from /workspace/data/xs/endfb-vii.1-hdf5/neutron/W180.h5
 Reading W182 from /workspace/data/xs/endfb-vii.1-hdf5/neutron/W182.h5
 Reading W183 from /workspace/data/xs/endfb-vii.1-hdf5/neutron/W183.h5
 Reading W184 from /workspace/data/xs/endfb-vii.1-hdf5/neutron/W184.h5
 Reading W186 from /workspace/data/xs/endfb-vii.1-hdf5/neutron/W186.h5
 Reading Cu63 from /workspace/data/xs/endfb-vii.1-hdf5/neutron/Cu63.h5
 Reading Cu65 from /workspace/data/xs/endfb-vii.1-hdf5/neutron/Cu65.h5
 Reading Co59 from /workspace/data/xs/endfb-vii.1-hdf5/neutron/Co59.h5
 Reading S32 from /workspace/data/xs/endfb-vii.1-hdf5/neutron/S32.h5
 Reading S33 from /workspace/data/xs/endfb-vii.1-hdf5/neutron/S33.h5
 Reading S34 from /workspace/data/xs/endfb-vii.1-hdf5/neutron/S34.h5
 Reading S36 from /workspace/data/xs/endfb-vii.1-hdf5/neutron/S36.h5
 Reading P31 from /workspace/data/xs/endfb-vii.1-hdf5/neutron/P31.h5
 Reading He3 from /workspace/data/xs/endfb-vii.1-hdf5/neutron/He3.h5
 Reading He4 from /workspace/data/xs/endfb-vii.1-hdf5/neutron/He4.h5
 Reading Gd152 from /workspace/data/xs/endfb-vii.1-hdf5/neutron/Gd152.h5
 Reading Gd154 from /workspace/data/xs/endfb-vii.1-hdf5/neutron/Gd154.h5
 Reading Gd155 from /workspace/data/xs/endfb-vii.1-hdf5/neutron/Gd155.h5
 Reading Gd156 from /workspace/data/xs/endfb-vii.1-hdf5/neutron/Gd156.h5
 Reading Gd157 from /workspace/data/xs/endfb-vii.1-hdf5/neutron/Gd157.h5
 Reading Gd158 from /workspace/data/xs/endfb-vii.1-hdf5/neutron/Gd158.h5
 Reading Gd160 from /workspace/data/xs/endfb-vii.1-hdf5/neutron/Gd160.h5
 Reading O16 from /workspace/data/xs/endfb-vii.1-hdf5/neutron/O16.h5
 Reading O17 from /workspace/data/xs/endfb-vii.1-hdf5/neutron/O17.h5
 Reading c_Graphite from
 /workspace/data/xs/endfb-vii.1-hdf5/neutron/c_Graphite.h5
 Minimum neutron data temperature: 250 K
 Maximum neutron data temperature: 2500 K
 Preparing distributed cell instances...
 Maximum neutron transport energy: 20000000 eV for Li6
 Initializing source particles...

 ====================>     K EIGENVALUE SIMULATION     <====================

  Bat./Gen.      k            Average k
  =========   ========   ====================
        1/1    1.04699
        2/1    1.05829
        3/1    1.05728
        4/1    1.04414
        5/1    1.03297
        6/1    1.03105
        7/1    1.02711
        8/1    1.02477
        9/1    1.01825
       10/1    1.02204
       11/1    1.01835
       12/1    1.01974
       13/1    1.02000
       14/1    1.02168
       15/1    1.02473
       16/1    1.01716
       17/1    1.02182
       18/1    1.02213
       19/1    1.02416
       20/1    1.02145
       21/1    1.01711
       22/1    1.02098
       23/1    1.02512
       24/1    1.02409
       25/1    1.02311
       26/1    1.02049
       27/1    1.02255
       28/1    1.02101
       29/1    1.02046
       30/1    1.02735
       31/1    1.01897
       32/1    1.02254
       33/1    1.02067
       34/1    1.01707
       35/1    1.01768
       36/1    1.01249
       37/1    1.02325
       38/1    1.02792
       39/1    1.01990
       40/1    1.02379
       41/1    1.01827
       42/1    1.02578
       43/1    1.02431
       44/1    1.02400
       45/1    1.01729
       46/1    1.02048
       47/1    1.02029
       48/1    1.02513
       49/1    1.02201
       50/1    1.02094
       51/1    1.03056
       52/1    1.02405    1.02731 +/- 0.00326
       53/1    1.01677    1.02379 +/- 0.00398
       54/1    1.02360    1.02374 +/- 0.00282
       55/1    1.02260    1.02352 +/- 0.00219
       56/1    1.01842    1.02267 +/- 0.00198
       57/1    1.01885    1.02212 +/- 0.00176
       58/1    1.02152    1.02205 +/- 0.00153
       59/1    1.02558    1.02244 +/- 0.00140
       60/1    1.02497    1.02269 +/- 0.00128
       61/1    1.02330    1.02275 +/- 0.00116
       62/1    1.01899    1.02244 +/- 0.00110
       63/1    1.02058    1.02229 +/- 0.00103
       64/1    1.02316    1.02235 +/- 0.00095
       65/1    1.03244    1.02303 +/- 0.00111
       66/1    1.02082    1.02289 +/- 0.00105
       67/1    1.02189    1.02283 +/- 0.00099
       68/1    1.01989    1.02267 +/- 0.00095
       69/1    1.02381    1.02273 +/- 0.00090
       70/1    1.01520    1.02235 +/- 0.00093
       71/1    1.02315    1.02239 +/- 0.00088
       72/1    1.02010    1.02228 +/- 0.00085
       73/1    1.02304    1.02232 +/- 0.00081
       74/1    1.02292    1.02234 +/- 0.00078
       75/1    1.02913    1.02261 +/- 0.00079
       76/1    1.02073    1.02254 +/- 0.00077
       77/1    1.02305    1.02256 +/- 0.00074
       78/1    1.02409    1.02261 +/- 0.00071
       79/1    1.02200    1.02259 +/- 0.00069
       80/1    1.01799    1.02244 +/- 0.00068
       81/1    1.01561    1.02222 +/- 0.00070
       82/1    1.02155    1.02220 +/- 0.00067
       83/1    1.01893    1.02210 +/- 0.00066
       84/1    1.01682    1.02194 +/- 0.00066
       85/1    1.02385    1.02200 +/- 0.00064
       86/1    1.01912    1.02192 +/- 0.00063
       87/1    1.02252    1.02194 +/- 0.00061
       88/1    1.02442    1.02200 +/- 0.00060
       89/1    1.01849    1.02191 +/- 0.00059
       90/1    1.02023    1.02187 +/- 0.00058
       91/1    1.02329    1.02190 +/- 0.00056
       92/1    1.02574    1.02199 +/- 0.00056
       93/1    1.02219    1.02200 +/- 0.00055
       94/1    1.02467    1.02206 +/- 0.00054
       95/1    1.02469    1.02212 +/- 0.00053
       96/1    1.01522    1.02197 +/- 0.00054
       97/1    1.02087    1.02195 +/- 0.00053
       98/1    1.01538    1.02181 +/- 0.00053
       99/1    1.02441    1.02186 +/- 0.00052
      100/1    1.02241    1.02187 +/- 0.00051
      101/1    1.01734    1.02178 +/- 0.00051
      102/1    1.02051    1.02176 +/- 0.00050
      103/1    1.01832    1.02169 +/- 0.00050
      104/1    1.01841    1.02163 +/- 0.00049
      105/1    1.01962    1.02160 +/- 0.00048
      106/1    1.02448    1.02165 +/- 0.00048
      107/1    1.02217    1.02166 +/- 0.00047
      108/1    1.01884    1.02161 +/- 0.00046
      109/1    1.02496    1.02167 +/- 0.00046
      110/1    1.02067    1.02165 +/- 0.00045
      111/1    1.01901    1.02161 +/- 0.00045
      112/1    1.02157    1.02161 +/- 0.00044
      113/1    1.02294    1.02163 +/- 0.00043
      114/1    1.02408    1.02166 +/- 0.00043
      115/1    1.02385    1.02170 +/- 0.00042
      116/1    1.02076    1.02168 +/- 0.00042
      117/1    1.01412    1.02157 +/- 0.00043
      118/1    1.01921    1.02154 +/- 0.00042
      119/1    1.02174    1.02154 +/- 0.00041
      120/1    1.02318    1.02156 +/- 0.00041
      121/1    1.02152    1.02156 +/- 0.00040
      122/1    1.02527    1.02161 +/- 0.00040
      123/1    1.02168    1.02161 +/- 0.00040
      124/1    1.01457    1.02152 +/- 0.00040
      125/1    1.02262    1.02153 +/- 0.00040
      126/1    1.02078    1.02152 +/- 0.00039
      127/1    1.02217    1.02153 +/- 0.00039
      128/1    1.02432    1.02157 +/- 0.00038
      129/1    1.02188    1.02157 +/- 0.00038
      130/1    1.02662    1.02164 +/- 0.00038
      131/1    1.02040    1.02162 +/- 0.00037
      132/1    1.01934    1.02159 +/- 0.00037
      133/1    1.02291    1.02161 +/- 0.00037
      134/1    1.01791    1.02156 +/- 0.00036
      135/1    1.01946    1.02154 +/- 0.00036
      136/1    1.02138    1.02154 +/- 0.00036
      137/1    1.02202    1.02154 +/- 0.00035
      138/1    1.01938    1.02152 +/- 0.00035
      139/1    1.02587    1.02157 +/- 0.00035
      140/1    1.02236    1.02158 +/- 0.00035
      141/1    1.02744    1.02164 +/- 0.00035
      142/1    1.01956    1.02162 +/- 0.00034
      143/1    1.02268    1.02163 +/- 0.00034
      144/1    1.02103    1.02162 +/- 0.00034
      145/1    1.02546    1.02166 +/- 0.00034
      146/1    1.01778    1.02162 +/- 0.00034
      147/1    1.02341    1.02164 +/- 0.00033
      148/1    1.02160    1.02164 +/- 0.00033
      149/1    1.02291    1.02165 +/- 0.00033
      150/1    1.02663    1.02170 +/- 0.00033
      151/1    1.01802    1.02167 +/- 0.00033
      152/1    1.01979    1.02165 +/- 0.00032
      153/1    1.01987    1.02163 +/- 0.00032
      154/1    1.02522    1.02167 +/- 0.00032
      155/1    1.02305    1.02168 +/- 0.00032
      156/1    1.01590    1.02162 +/- 0.00032
      157/1    1.02825    1.02169 +/- 0.00032
      158/1    1.02210    1.02169 +/- 0.00032
      159/1    1.02555    1.02173 +/- 0.00032
      160/1    1.02001    1.02171 +/- 0.00031
      161/1    1.02325    1.02172 +/- 0.00031
      162/1    1.02496    1.02175 +/- 0.00031
      163/1    1.02707    1.02180 +/- 0.00031
      164/1    1.02600    1.02184 +/- 0.00031
      165/1    1.02342    1.02185 +/- 0.00031
      166/1    1.02349    1.02186 +/- 0.00031
      167/1    1.02510    1.02189 +/- 0.00030
      168/1    1.02434    1.02191 +/- 0.00030
      169/1    1.02780    1.02196 +/- 0.00030
      170/1    1.02627    1.02200 +/- 0.00030
      171/1    1.02459    1.02202 +/- 0.00030
      172/1    1.02152    1.02202 +/- 0.00030
      173/1    1.02584    1.02205 +/- 0.00030
      174/1    1.01560    1.02199 +/- 0.00030
      175/1    1.02315    1.02200 +/- 0.00030
      176/1    1.02127    1.02200 +/- 0.00030
      177/1    1.02503    1.02202 +/- 0.00029
      178/1    1.02626    1.02205 +/- 0.00029
      179/1    1.02571    1.02208 +/- 0.00029
      180/1    1.02277    1.02209 +/- 0.00029
      181/1    1.02290    1.02209 +/- 0.00029
      182/1    1.02153    1.02209 +/- 0.00029
      183/1    1.01954    1.02207 +/- 0.00029
      184/1    1.02711    1.02211 +/- 0.00029
      185/1    1.02252    1.02211 +/- 0.00028
      186/1    1.02181    1.02211 +/- 0.00028
      187/1    1.02863    1.02216 +/- 0.00028
      188/1    1.02493    1.02218 +/- 0.00028
      189/1    1.01681    1.02214 +/- 0.00028
      190/1    1.01839    1.02211 +/- 0.00028
      191/1    1.02377    1.02212 +/- 0.00028
      192/1    1.02154    1.02212 +/- 0.00028
      193/1    1.01664    1.02208 +/- 0.00028
      194/1    1.02706    1.02212 +/- 0.00028
      195/1    1.01714    1.02208 +/- 0.00028
      196/1    1.01615    1.02204 +/- 0.00028
      197/1    1.02657    1.02207 +/- 0.00028
      198/1    1.02039    1.02206 +/- 0.00028
      199/1    1.02375    1.02207 +/- 0.00028
      200/1    1.02043    1.02206 +/- 0.00028
 Creating state point statepoint.200.h5...

 =======================>     TIMING STATISTICS     <=======================

 Total time for initialization     = 9.4083e+00 seconds
   Reading cross sections          = 9.3870e+00 seconds
 Total time in simulation          = 4.3743e+03 seconds
   Time in transport only          = 4.3714e+03 seconds
   Time in inactive batches        = 1.1071e+03 seconds
   Time in active batches          = 3.2672e+03 seconds
   Time synchronizing fission bank = 2.1940e+00 seconds
     Sampling source sites         = 1.9819e+00 seconds
     SEND/RECV source sites        = 2.1200e-01 seconds
   Time accumulating tallies       = 1.7568e-04 seconds
   Time writing statepoints        = 6.7404e-03 seconds
 Total time for finalization       = 6.8100e-07 seconds
 Total time elapsed                = 4.3839e+03 seconds
 Calculation Rate (inactive)       = 9032.85 particles/second
 Calculation Rate (active)         = 9182.11 particles/second

 ============================>     RESULTS     <============================

 k-effective (Collision)     = 1.02196 +/- 0.00026
 k-effective (Track-length)  = 1.02206 +/- 0.00028
 k-effective (Absorption)    = 1.02205 +/- 0.00019
 Combined k-effective        = 1.02202 +/- 0.00019
 Leakage Fraction            = 0.21703 +/- 0.00008


================================================================
  k-eff (combined) = 1.02202 +/- 0.00019
  Acceptance envelope (het_baskets + 1 rod inserted 4.4 in (Phase 1.1.c step 5, IRPhE config)): 0.98 <= k <= 1.10
  Result: PASS
================================================================
