/opt/conda/lib/python3.11/site-packages/openmc/material.py:825: UserWarning: A uranium enrichment of 31.35 was given for Material ID="2". OpenMC assumes the U234/U235 mass ratio is constant at 0.008, which is only valid at low enrichments. Consider setting the isotopic composition manually for enrichments over 5%.
  warnings.warn(msg)
/opt/conda/lib/python3.11/site-packages/openmc/material.py:825: UserWarning: A uranium enrichment of 31.35 was given for Material ID="11". OpenMC assumes the U234/U235 mass ratio is constant at 0.008, which is only valid at low enrichments. Consider setting the isotopic composition manually for enrichments over 5%.
  warnings.warn(msg)
/opt/conda/lib/python3.11/site-packages/openmc/material.py:825: UserWarning: A uranium enrichment of 31.35 was given for Material ID="15". OpenMC assumes the U234/U235 mass ratio is constant at 0.008, which is only valid at low enrichments. Consider setting the isotopic composition manually for enrichments over 5%.
  warnings.warn(msg)
/opt/conda/lib/python3.11/site-packages/openmc/stats/multivariate.py:960: FutureWarning: The 'only_fissionable' has been deprecated. Use the 'constraints' argument when defining a source instead.
  warn("The 'only_fissionable' has been deprecated. Use the "
[msre_het_critical] xs_library=endfb-viii.0  OPENMC_CROSS_SECTIONS=/workspace/data/xs/endfb-viii.0-hdf5/cross_sections.xml
[msre_het_critical] Building model (quick=False, mode=het_critical) ...
[msre_het_critical] settings: batches=200 inactive=50 particles=200000
[msre_het_critical] Running OpenMC in /workspace/sims/openmc/msre_het_critical ...
                                %%%%%%%%%%%%%%%
                           %%%%%%%%%%%%%%%%%%%%%%%%
                        %%%%%%%%%%%%%%%%%%%%%%%%%%%%%%
                      %%%%%%%%%%%%%%%%%%%%%%%%%%%%%%%%%%
                    %%%%%%%%%%%%%%%%%%%%%%%%%%%%%%%%%%%%%%
                   %%%%%%%%%%%%%%%%%%%%%%%%%%%%%%%%%%%%%%%%
                                    %%%%%%%%%%%%%%%%%%%%%%%%
                                     %%%%%%%%%%%%%%%%%%%%%%%%
                 ###############      %%%%%%%%%%%%%%%%%%%%%%%%
                ##################     %%%%%%%%%%%%%%%%%%%%%%%
                ###################     %%%%%%%%%%%%%%%%%%%%%%%
                ####################     %%%%%%%%%%%%%%%%%%%%%%
                #####################     %%%%%%%%%%%%%%%%%%%%%
                ######################     %%%%%%%%%%%%%%%%%%%%
                #######################     %%%%%%%%%%%%%%%%%%
                 #######################     %%%%%%%%%%%%%%%%%
                 ######################     %%%%%%%%%%%%%%%%%
                  ####################     %%%%%%%%%%%%%%%%%
                    #################     %%%%%%%%%%%%%%%%%
                     ###############     %%%%%%%%%%%%%%%%
                       ############     %%%%%%%%%%%%%%%
                          ########     %%%%%%%%%%%%%%
                                      %%%%%%%%%%%

                 | The OpenMC Monte Carlo Code
       Copyright | 2011-2025 MIT, UChicago Argonne LLC, and contributors
         License | https://docs.openmc.org/en/latest/license.html
         Version | 0.15.3
     Commit Hash | 27e38e894697bb32a1dac7848d2618818b6b8daf
       Date/Time | 2026-05-30 13:27:52
  OpenMP Threads | 4

 Reading model XML file 'model.xml' ...
 Reading cross sections XML file...
 Reading Li6 from /workspace/data/xs/endfb-viii.0-hdf5/neutron/Li6.h5
 Reading Li7 from /workspace/data/xs/endfb-viii.0-hdf5/neutron/Li7.h5
 Reading Be9 from /workspace/data/xs/endfb-viii.0-hdf5/neutron/Be9.h5
 Reading Zr90 from /workspace/data/xs/endfb-viii.0-hdf5/neutron/Zr90.h5
 Reading Zr91 from /workspace/data/xs/endfb-viii.0-hdf5/neutron/Zr91.h5
 Reading Zr92 from /workspace/data/xs/endfb-viii.0-hdf5/neutron/Zr92.h5
 Reading Zr94 from /workspace/data/xs/endfb-viii.0-hdf5/neutron/Zr94.h5
 Reading Zr96 from /workspace/data/xs/endfb-viii.0-hdf5/neutron/Zr96.h5
 WARNING: Negative value(s) found on probability table for nuclide Zr96 at 250K
 WARNING: Negative value(s) found on probability table for nuclide Zr96 at 294K
 WARNING: Negative value(s) found on probability table for nuclide Zr96 at 600K
 WARNING: Negative value(s) found on probability table for nuclide Zr96 at 900K
 WARNING: Negative value(s) found on probability table for nuclide Zr96 at 1200K
 Reading U234 from /workspace/data/xs/endfb-viii.0-hdf5/neutron/U234.h5
 Reading U235 from /workspace/data/xs/endfb-viii.0-hdf5/neutron/U235.h5
 Reading U238 from /workspace/data/xs/endfb-viii.0-hdf5/neutron/U238.h5
 Reading U236 from /workspace/data/xs/endfb-viii.0-hdf5/neutron/U236.h5
 Reading F19 from /workspace/data/xs/endfb-viii.0-hdf5/neutron/F19.h5
 Reading C12 from /workspace/data/xs/endfb-viii.0-hdf5/neutron/C12.h5
 Reading C13 from /workspace/data/xs/endfb-viii.0-hdf5/neutron/C13.h5
 Reading B10 from /workspace/data/xs/endfb-viii.0-hdf5/neutron/B10.h5
 Reading B11 from /workspace/data/xs/endfb-viii.0-hdf5/neutron/B11.h5
 Reading Ni58 from /workspace/data/xs/endfb-viii.0-hdf5/neutron/Ni58.h5
 Reading Ni60 from /workspace/data/xs/endfb-viii.0-hdf5/neutron/Ni60.h5
 Reading Ni61 from /workspace/data/xs/endfb-viii.0-hdf5/neutron/Ni61.h5
 Reading Ni62 from /workspace/data/xs/endfb-viii.0-hdf5/neutron/Ni62.h5
 Reading Ni64 from /workspace/data/xs/endfb-viii.0-hdf5/neutron/Ni64.h5
 Reading Mo92 from /workspace/data/xs/endfb-viii.0-hdf5/neutron/Mo92.h5
 Reading Mo94 from /workspace/data/xs/endfb-viii.0-hdf5/neutron/Mo94.h5
 Reading Mo95 from /workspace/data/xs/endfb-viii.0-hdf5/neutron/Mo95.h5
 Reading Mo96 from /workspace/data/xs/endfb-viii.0-hdf5/neutron/Mo96.h5
 Reading Mo97 from /workspace/data/xs/endfb-viii.0-hdf5/neutron/Mo97.h5
 Reading Mo98 from /workspace/data/xs/endfb-viii.0-hdf5/neutron/Mo98.h5
 Reading Mo100 from /workspace/data/xs/endfb-viii.0-hdf5/neutron/Mo100.h5
 Reading Cr50 from /workspace/data/xs/endfb-viii.0-hdf5/neutron/Cr50.h5
 Reading Cr52 from /workspace/data/xs/endfb-viii.0-hdf5/neutron/Cr52.h5
 Reading Cr53 from /workspace/data/xs/endfb-viii.0-hdf5/neutron/Cr53.h5
 Reading Cr54 from /workspace/data/xs/endfb-viii.0-hdf5/neutron/Cr54.h5
 Reading Fe54 from /workspace/data/xs/endfb-viii.0-hdf5/neutron/Fe54.h5
 Reading Fe56 from /workspace/data/xs/endfb-viii.0-hdf5/neutron/Fe56.h5
 Reading Fe57 from /workspace/data/xs/endfb-viii.0-hdf5/neutron/Fe57.h5
 Reading Fe58 from /workspace/data/xs/endfb-viii.0-hdf5/neutron/Fe58.h5
 Reading Mn55 from /workspace/data/xs/endfb-viii.0-hdf5/neutron/Mn55.h5
 Reading Si28 from /workspace/data/xs/endfb-viii.0-hdf5/neutron/Si28.h5
 Reading Si29 from /workspace/data/xs/endfb-viii.0-hdf5/neutron/Si29.h5
 Reading Si30 from /workspace/data/xs/endfb-viii.0-hdf5/neutron/Si30.h5
 Reading Al27 from /workspace/data/xs/endfb-viii.0-hdf5/neutron/Al27.h5
 Reading Ti46 from /workspace/data/xs/endfb-viii.0-hdf5/neutron/Ti46.h5
 Reading Ti47 from /workspace/data/xs/endfb-viii.0-hdf5/neutron/Ti47.h5
 Reading Ti48 from /workspace/data/xs/endfb-viii.0-hdf5/neutron/Ti48.h5
 Reading Ti49 from /workspace/data/xs/endfb-viii.0-hdf5/neutron/Ti49.h5
 Reading Ti50 from /workspace/data/xs/endfb-viii.0-hdf5/neutron/Ti50.h5
 Reading W180 from /workspace/data/xs/endfb-viii.0-hdf5/neutron/W180.h5
 Reading W182 from /workspace/data/xs/endfb-viii.0-hdf5/neutron/W182.h5
 Reading W183 from /workspace/data/xs/endfb-viii.0-hdf5/neutron/W183.h5
 Reading W184 from /workspace/data/xs/endfb-viii.0-hdf5/neutron/W184.h5
 Reading W186 from /workspace/data/xs/endfb-viii.0-hdf5/neutron/W186.h5
 Reading Cu63 from /workspace/data/xs/endfb-viii.0-hdf5/neutron/Cu63.h5
 Reading Cu65 from /workspace/data/xs/endfb-viii.0-hdf5/neutron/Cu65.h5
 Reading Co59 from /workspace/data/xs/endfb-viii.0-hdf5/neutron/Co59.h5
 Reading S32 from /workspace/data/xs/endfb-viii.0-hdf5/neutron/S32.h5
 Reading S33 from /workspace/data/xs/endfb-viii.0-hdf5/neutron/S33.h5
 Reading S34 from /workspace/data/xs/endfb-viii.0-hdf5/neutron/S34.h5
 Reading S36 from /workspace/data/xs/endfb-viii.0-hdf5/neutron/S36.h5
 Reading P31 from /workspace/data/xs/endfb-viii.0-hdf5/neutron/P31.h5
 Reading He3 from /workspace/data/xs/endfb-viii.0-hdf5/neutron/He3.h5
 Reading He4 from /workspace/data/xs/endfb-viii.0-hdf5/neutron/He4.h5
 Reading Gd152 from /workspace/data/xs/endfb-viii.0-hdf5/neutron/Gd152.h5
 Reading Gd154 from /workspace/data/xs/endfb-viii.0-hdf5/neutron/Gd154.h5
 Reading Gd155 from /workspace/data/xs/endfb-viii.0-hdf5/neutron/Gd155.h5
 Reading Gd156 from /workspace/data/xs/endfb-viii.0-hdf5/neutron/Gd156.h5
 Reading Gd157 from /workspace/data/xs/endfb-viii.0-hdf5/neutron/Gd157.h5
 Reading Gd158 from /workspace/data/xs/endfb-viii.0-hdf5/neutron/Gd158.h5
 Reading Gd160 from /workspace/data/xs/endfb-viii.0-hdf5/neutron/Gd160.h5
 Reading O16 from /workspace/data/xs/endfb-viii.0-hdf5/neutron/O16.h5
 Reading O17 from /workspace/data/xs/endfb-viii.0-hdf5/neutron/O17.h5
 Reading O18 from /workspace/data/xs/endfb-viii.0-hdf5/neutron/O18.h5
 Reading c_Graphite from
 /workspace/data/xs/endfb-viii.0-hdf5/thermal/c_Graphite.h5
 Minimum neutron data temperature: 250 K
 Maximum neutron data temperature: 2500 K
 Preparing distributed cell instances...
 Maximum neutron transport energy: 20000000 eV for Li6
 Initializing source particles...

 ====================>     K EIGENVALUE SIMULATION     <====================

  Bat./Gen.      k            Average k
  =========   ========   ====================
        1/1    1.04705
        2/1    1.06193
        3/1    1.05496
        4/1    1.04855
        5/1    1.03723
        6/1    1.03215
        7/1    1.02699
        8/1    1.02388
        9/1    1.02235
       10/1    1.02591
       11/1    1.02003
       12/1    1.01801
       13/1    1.02865
       14/1    1.02998
       15/1    1.02366
       16/1    1.02654
       17/1    1.01572
       18/1    1.01763
       19/1    1.02772
       20/1    1.03169
       21/1    1.02738
       22/1    1.02643
       23/1    1.02081
       24/1    1.02028
       25/1    1.02522
       26/1    1.02409
       27/1    1.02035
       28/1    1.02458
       29/1    1.01861
       30/1    1.02453
       31/1    1.02349
       32/1    1.02483
       33/1    1.02091
       34/1    1.02019
       35/1    1.02539
       36/1    1.02070
       37/1    1.02257
       38/1    1.02350
       39/1    1.02273
       40/1    1.01963
       41/1    1.01932
       42/1    1.02078
       43/1    1.02220
       44/1    1.02324
       45/1    1.02349
       46/1    1.02456
       47/1    1.01988
       48/1    1.02505
       49/1    1.02609
       50/1    1.02795
       51/1    1.02445
       52/1    1.02110    1.02277 +/- 0.00168
       53/1    1.03030    1.02528 +/- 0.00269
       54/1    1.01987    1.02393 +/- 0.00233
       55/1    1.02092    1.02333 +/- 0.00190
       56/1    1.02143    1.02301 +/- 0.00159
       57/1    1.02529    1.02334 +/- 0.00138
       58/1    1.02189    1.02316 +/- 0.00121
       59/1    1.01850    1.02264 +/- 0.00118
       60/1    1.02717    1.02309 +/- 0.00115
       61/1    1.02154    1.02295 +/- 0.00105
       62/1    1.02108    1.02279 +/- 0.00097
       63/1    1.02005    1.02258 +/- 0.00092
       64/1    1.02662    1.02287 +/- 0.00090
       65/1    1.02232    1.02284 +/- 0.00084
       66/1    1.02811    1.02316 +/- 0.00085
       67/1    1.02431    1.02323 +/- 0.00080
       68/1    1.01957    1.02303 +/- 0.00078
       69/1    1.02440    1.02310 +/- 0.00074
       70/1    1.02466    1.02318 +/- 0.00071
       71/1    1.02169    1.02311 +/- 0.00068
       72/1    1.02342    1.02312 +/- 0.00065
       73/1    1.02561    1.02323 +/- 0.00063
       74/1    1.02833    1.02344 +/- 0.00064
       75/1    1.02781    1.02362 +/- 0.00064
       76/1    1.01775    1.02339 +/- 0.00065
       77/1    1.02463    1.02344 +/- 0.00063
       78/1    1.02290    1.02342 +/- 0.00061
       79/1    1.01870    1.02326 +/- 0.00061
       80/1    1.02296    1.02325 +/- 0.00059
       81/1    1.02124    1.02318 +/- 0.00057
       82/1    1.02860    1.02335 +/- 0.00058
       83/1    1.01925    1.02323 +/- 0.00057
       84/1    1.02240    1.02320 +/- 0.00056
       85/1    1.01958    1.02310 +/- 0.00055
       86/1    1.02766    1.02323 +/- 0.00055
       87/1    1.02655    1.02332 +/- 0.00054
       88/1    1.02784    1.02343 +/- 0.00054
       89/1    1.02410    1.02345 +/- 0.00053
       90/1    1.02799    1.02357 +/- 0.00053
       91/1    1.02175    1.02352 +/- 0.00052
       92/1    1.02464    1.02355 +/- 0.00050
       93/1    1.01850    1.02343 +/- 0.00051
       94/1    1.02140    1.02338 +/- 0.00050
       95/1    1.01969    1.02330 +/- 0.00049
       96/1    1.02550    1.02335 +/- 0.00048
       97/1    1.02534    1.02339 +/- 0.00048
       98/1    1.02727    1.02347 +/- 0.00047
       99/1    1.02569    1.02352 +/- 0.00046
      100/1    1.02543    1.02356 +/- 0.00046
      101/1    1.02118    1.02351 +/- 0.00045
      102/1    1.02671    1.02357 +/- 0.00045
      103/1    1.02535    1.02360 +/- 0.00044
      104/1    1.02929    1.02371 +/- 0.00044
      105/1    1.02606    1.02375 +/- 0.00044
      106/1    1.02575    1.02379 +/- 0.00043
      107/1    1.02507    1.02381 +/- 0.00042
      108/1    1.01978    1.02374 +/- 0.00042
      109/1    1.02035    1.02368 +/- 0.00042
      110/1    1.01632    1.02356 +/- 0.00043
      111/1    1.02325    1.02356 +/- 0.00042
      112/1    1.02261    1.02354 +/- 0.00042
      113/1    1.02631    1.02358 +/- 0.00041
      114/1    1.02245    1.02357 +/- 0.00041
      115/1    1.02439    1.02358 +/- 0.00040
      116/1    1.02394    1.02358 +/- 0.00039
      117/1    1.02757    1.02364 +/- 0.00039
      118/1    1.02709    1.02370 +/- 0.00039
      119/1    1.02319    1.02369 +/- 0.00038
      120/1    1.02148    1.02366 +/- 0.00038
      121/1    1.02636    1.02369 +/- 0.00038
      122/1    1.01984    1.02364 +/- 0.00037
      123/1    1.02078    1.02360 +/- 0.00037
      124/1    1.02587    1.02363 +/- 0.00037
      125/1    1.02506    1.02365 +/- 0.00036
      126/1    1.02321    1.02365 +/- 0.00036
      127/1    1.02259    1.02363 +/- 0.00035
      128/1    1.02562    1.02366 +/- 0.00035
      129/1    1.02587    1.02369 +/- 0.00035
      130/1    1.02363    1.02368 +/- 0.00034
      131/1    1.02516    1.02370 +/- 0.00034
      132/1    1.01878    1.02364 +/- 0.00034
      133/1    1.01889    1.02359 +/- 0.00034
      134/1    1.02720    1.02363 +/- 0.00034
      135/1    1.01975    1.02358 +/- 0.00034
      136/1    1.02882    1.02364 +/- 0.00034
      137/1    1.02215    1.02363 +/- 0.00034
      138/1    1.02168    1.02360 +/- 0.00033
      139/1    1.01909    1.02355 +/- 0.00033
      140/1    1.01928    1.02351 +/- 0.00033
      141/1    1.02190    1.02349 +/- 0.00033
      142/1    1.02244    1.02348 +/- 0.00033
      143/1    1.02141    1.02346 +/- 0.00032
      144/1    1.02466    1.02347 +/- 0.00032
      145/1    1.02295    1.02346 +/- 0.00032
      146/1    1.02521    1.02348 +/- 0.00031
      147/1    1.02720    1.02352 +/- 0.00031
      148/1    1.02221    1.02351 +/- 0.00031
      149/1    1.02584    1.02353 +/- 0.00031
      150/1    1.02445    1.02354 +/- 0.00031
      151/1    1.01985    1.02350 +/- 0.00030
      152/1    1.01969    1.02346 +/- 0.00030
      153/1    1.02212    1.02345 +/- 0.00030
      154/1    1.02224    1.02344 +/- 0.00030
      155/1    1.02327    1.02344 +/- 0.00030
      156/1    1.02139    1.02342 +/- 0.00029
      157/1    1.02520    1.02344 +/- 0.00029
      158/1    1.02621    1.02346 +/- 0.00029
      159/1    1.02342    1.02346 +/- 0.00029
      160/1    1.01983    1.02343 +/- 0.00029
      161/1    1.02068    1.02340 +/- 0.00028
      162/1    1.02659    1.02343 +/- 0.00028
      163/1    1.02360    1.02343 +/- 0.00028
      164/1    1.01589    1.02337 +/- 0.00029
      165/1    1.02118    1.02335 +/- 0.00028
      166/1    1.02647    1.02337 +/- 0.00028
      167/1    1.02026    1.02335 +/- 0.00028
      168/1    1.02474    1.02336 +/- 0.00028
      169/1    1.02028    1.02333 +/- 0.00028
      170/1    1.03106    1.02340 +/- 0.00028
      171/1    1.02499    1.02341 +/- 0.00028
      172/1    1.02508    1.02343 +/- 0.00028
      173/1    1.02411    1.02343 +/- 0.00028
      174/1    1.02488    1.02344 +/- 0.00028
      175/1    1.02418    1.02345 +/- 0.00027
      176/1    1.02663    1.02347 +/- 0.00027
      177/1    1.03120    1.02353 +/- 0.00028
      178/1    1.02103    1.02351 +/- 0.00028
      179/1    1.02119    1.02350 +/- 0.00027
      180/1    1.02752    1.02353 +/- 0.00027
      181/1    1.02557    1.02354 +/- 0.00027
      182/1    1.02481    1.02355 +/- 0.00027
      183/1    1.02388    1.02356 +/- 0.00027
      184/1    1.02613    1.02357 +/- 0.00027
      185/1    1.02033    1.02355 +/- 0.00027
      186/1    1.01912    1.02352 +/- 0.00027
      187/1    1.02738    1.02355 +/- 0.00027
      188/1    1.02256    1.02354 +/- 0.00026
      189/1    1.02579    1.02356 +/- 0.00026
      190/1    1.02134    1.02354 +/- 0.00026
      191/1    1.02791    1.02357 +/- 0.00026
      192/1    1.02456    1.02358 +/- 0.00026
      193/1    1.02450    1.02358 +/- 0.00026
      194/1    1.02264    1.02358 +/- 0.00026
      195/1    1.02185    1.02357 +/- 0.00025
      196/1    1.02432    1.02357 +/- 0.00025
      197/1    1.02101    1.02355 +/- 0.00025
      198/1    1.01950    1.02353 +/- 0.00025
      199/1    1.02966    1.02357 +/- 0.00025
      200/1    1.02838    1.02360 +/- 0.00025
 Creating state point statepoint.200.h5...

 =======================>     TIMING STATISTICS     <=======================

 Total time for initialization     = 1.0431e+01 seconds
   Reading cross sections          = 1.0422e+01 seconds
 Total time in simulation          = 4.6666e+03 seconds
   Time in transport only          = 4.6637e+03 seconds
   Time in inactive batches        = 1.1912e+03 seconds
   Time in active batches          = 3.4755e+03 seconds
   Time synchronizing fission bank = 2.2119e+00 seconds
     Sampling source sites         = 1.9860e+00 seconds
     SEND/RECV source sites        = 2.2573e-01 seconds
   Time accumulating tallies       = 1.7653e-04 seconds
   Time writing statepoints        = 6.6158e-03 seconds
 Total time for finalization       = 8.6100e-07 seconds
 Total time elapsed                = 4.6773e+03 seconds
 Calculation Rate (inactive)       = 8395.23 particles/second
 Calculation Rate (active)         = 8631.89 particles/second

 ============================>     RESULTS     <============================

 k-effective (Collision)     = 1.02360 +/- 0.00026
 k-effective (Track-length)  = 1.02360 +/- 0.00025
 k-effective (Absorption)    = 1.02366 +/- 0.00018
 Combined k-effective        = 1.02364 +/- 0.00016
 Leakage Fraction            = 0.21603 +/- 0.00008


================================================================
  k-eff (combined) = 1.02364 +/- 0.00016
  Acceptance envelope (het_baskets + 1 rod inserted 4.4 in (Phase 1.1.c step 5, IRPhE config)): 0.98 <= k <= 1.10
  Result: PASS
================================================================
